

> website@0.1.0 build /Users/steve/duyhunghd6/gmind/apps/website
> next build

▲ Next.js 16.1.6 (Turbopack)
- Environments: .env.local

  Creating an optimized production build ...
✓ Compiled successfully in 1871.5ms
  Finished TypeScript in 2.3s    ✓ Finished TypeScript in 2.3s 
  Collecting page data using 11 workers in 223.2ms    ✓ Collecting page data using 11 workers in 223.2ms 
✓ Generating static pages using 11 workers (32/32) in 185.6ms
  Finalizing page optimization in 7.4ms    ✓ Finalizing page optimization in 7.4ms 

Route (app)
┌ ○ /
├ ○ /_not-found
├ ƒ /api/telegram
├ ○ /architecture
├ ○ /design-system
├ ○ /design-system/approval
├ ○ /design-system/beads-traversal
├ ○ /design-system/components
├ ○ /design-system/doc-viewer
├ ○ /design-system/explorer
├ ○ /design-system/git-graph
├ ○ /design-system/kanban
├ ○ /design-system/knowledge-graph
├ ○ /design-system/pi-planning
├ ○ /design-system/portfolio
├ ○ /design-system/storyboard
├ ● /design-system/storyboard/[id]
│ ├ /design-system/storyboard/uc-01-pm-sprint-review
│ ├ /design-system/storyboard/uc-02-pm-trace-approve
│ ├ /design-system/storyboard/uc-03-dev-code-search
│ └ [+7 more paths]
├ ○ /design-system/terminal
├ ○ /design-system/timeline
├ ○ /design-system/webui-pm-workspace
├ ○ /prompts
└ ○ /research


○  (Static)   prerendered as static content
●  (SSG)      prerendered as static HTML (uses generateStaticParams)
ƒ  (Dynamic)  server-rendered on demand

